[neomilne.weebly.com/index.html]
[neomilne.weebly.com/gdpr/gdprscriptd793.js]
[backblue.gif]
[fade.gif]
[index.html]
[cdn2.editmysite.com/css/sites694e.css]
[cdn2.editmysite.com/css/old/fancybox3370.css]
[cdn2.editmysite.com/css/social-iconsd14e.css]
[neomilne.weebly.com/files/main_styleb1a6.css]
[cdn2.editmysite.com/css/old/slideshow/slideshow4004.css]
[neomilne.weebly.com/files/templateArtifactsb1a6.js]
[ajax.googleapis.com/ajax/libs/jquery/1.8.3/jquery.min.js]
[cdn2.editmysite.com/js/lang/en/stl234f.js]
[cdn2.editmysite.com/js/site/main694e.js]
[cdn2.editmysite.com/js/old/slideshow-jq694e.js]
[cdn2.editmysite.com/js/lang/en/stlce0b.js]
[www.google.com/recaptcha/api.js]
[neomilne.weebly.com/uploads/1/2/1/9/121957569/logo.jpg]
[neomilne.weebly.com/beginningend.html]
[neomilne.weebly.com/teacher-feedback.html]
[neomilne.weebly.com/year-10-archive.html]
[neomilne.weebly.com/exam.html]
[neomilne.weebly.com/uploads/1/2/1/9/121957569/img-9994_orig.jpg]
[neomilne.weebly.com/uploads/1/2/1/9/121957569/img-9994.jpg]
[neomilne.weebly.com/uploads/1/2/1/9/121957569/img-9995_orig.jpg]
[neomilne.weebly.com/uploads/1/2/1/9/121957569/img-9995.jpg]
[neomilne.weebly.com/uploads/1/2/1/9/121957569/img-9997_orig.jpg]
[neomilne.weebly.com/uploads/1/2/1/9/121957569/img-9997.jpg]
[neomilne.weebly.com/uploads/1/2/1/9/121957569/3-bro_orig.jpg]
[neomilne.weebly.com/uploads/1/2/1/9/121957569/3-bro.jpg]
[neomilne.weebly.com/uploads/1/2/1/9/121957569/4-bro_orig.jpg]
[neomilne.weebly.com/uploads/1/2/1/9/121957569/4-bro.jpg]
[neomilne.weebly.com/uploads/1/2/1/9/121957569/1-bro_orig.jpg]
[neomilne.weebly.com/uploads/1/2/1/9/121957569/1-bro.jpg]
[neomilne.weebly.com/uploads/1/2/1/9/121957569/2-bro_orig.jpg]
[neomilne.weebly.com/uploads/1/2/1/9/121957569/2-bro.jpg]
[neomilne.weebly.com/uploads/1/2/1/9/121957569/4-bro_1_orig.jpg]
[neomilne.weebly.com/uploads/1/2/1/9/121957569/rstumpf-visitdenver-img-6826-web-2x1-1024x512_orig.jpg]
[cdn2.editmysite.com/images/site/footer/footer-toast-published-image-1.png]
[cdn2.editmysite.com/js/site/footerSignup0ce5.js]
[neomilne.weebly.com/files/theme/custom7c58.js]
[neomilne.weebly.com/files/theme/mobile7c58.js]
[cdn2.editmysite.com/js/site/main-customer-accounts-site694e.js]
[cdn2.editmysite.com/js/wsnbn/snowday262.js]
[neomilne.weebly.com/files/theme/plugins7c58.js]
[neomilne.weebly.com/index.html]
[cdn2.editmysite.com/images/util/videojs/white-bar.png]
[cdn2.editmysite.com/images/util/videojs/@2x/white-bar.png]
[cdn2.editmysite.com/images/util/videojs/gradient.png]
[cdn2.editmysite.com/images/util/videojs/@2x/gradient.png]
[cdn2.editmysite.com/sprites/util/videojs-sacae758aa2.png]
[cdn2.editmysite.com/sprites/util/videojs/@2x-s2aff7e7d9a.png]
[cdn2.editmysite.com/images/util/videojs/volume-filled.png]
[cdn2.editmysite.com/images/util/videojs/@2x/volume-filled.png]
[cdn2.editmysite.com/images/util/videojs/volume-mute.png]
[cdn2.editmysite.com/images/util/videojs/@2x/volume-mute.png]
[cdn2.editmysite.com/images/util/videojs/blue-bar.png]
[cdn2.editmysite.com/images/util/videojs/@2x/blue-bar.png]
[cdn2.editmysite.com/images/util/videojs/maximize-icon.png]
[cdn2.editmysite.com/images/util/videojs/@2x/maximize-icon.png]
[cdn2.editmysite.com/images/util/videojs/minimize-icon.png]
[cdn2.editmysite.com/images/util/videojs/@2x/minimize-icon.png]
[cdn2.editmysite.com/images/util/videojs/play-icon.png]
[cdn2.editmysite.com/images/util/videojs/@2x/play-icon.png]
[cdn2.editmysite.com/images/util/videojs/sad-face.png]
[cdn2.editmysite.com/images/util/videojs/@2x/sad-face.png]
[cdn2.editmysite.com/images/util/videojs/loading-icon.png]
[cdn2.editmysite.com/images/util/videojs/@2x/loading-icon.png]
[cdn2.editmysite.com/images/common/buttons/small_grey.png]
[cdn2.editmysite.com/images/common/buttons/small_blue.png]
[cdn2.editmysite.com/images/old/button/large_grey.png]
[cdn2.editmysite.com/images/common/buttons/large_blue.png]
[cdn2.editmysite.com/images/common/search-light.png]
[cdn2.editmysite.com/images/common/social_icons.png]
[cdn2.editmysite.com/images/common/blog/blog-comment-button.png]
[cdn2.editmysite.com/images/common/blog/blog-comment-header.png]
[cdn2.editmysite.com/images/common/blog/blog-comment-pointer.png]
[cdn2.editmysite.com/images/common/blog/blog-comment-link.png]
[cdn2.editmysite.com/images/common/blog/blog-comment-header-author.png]
[cdn2.editmysite.com/images/common/blog/blog-comment-pointer-author.png]
[cdn2.editmysite.com/images/common/blog/blog-comment-field-bg.png]
[cdn2.editmysite.com/images/common/blog/dark-blog-comment-header.png]
[cdn2.editmysite.com/images/common/blog/dark-blog-comment-pointer.png]
[cdn2.editmysite.com/images/common/blog/dark-blog-comment-header-author.png]
[cdn2.editmysite.com/images/common/blog/dark-blog-comment-pointer-author.png]
[cdn2.editmysite.com/images/common/blog/dark-blog-comment-link.png]
[cdn2.editmysite.com/images/util/general/blank.gif]
[cdn2.editmysite.com/images/common/lightbox/prevlabel.gif]
[cdn2.editmysite.com/images/common/lightbox/nextlabel.gif]
[cdn2.editmysite.com/sprites/util/inputs/checkmarkBox-s7868418152.png]
[cdn2.editmysite.com/sprites/util/inputs/checkmarkBox/@2x-s211a47d318.png]
[cdn2.editmysite.com/images/util/inputs/search-input-bg.jpg]
[cdn2.editmysite.com/images/common/magnifying-glass.png]
[cdn2.editmysite.com/images/common/checkmarks/checkmark-mini.png]
[cdn2.editmysite.com/images/common/checkmarks/@2x/checkmark-mini.png]
[cdn2.editmysite.com/images/common/search-pagination-bg.png]
[cdn2.editmysite.com/images/util/general/top-triangle-000.png]
[cdn2.editmysite.com/images/util/general/bottom-triangle-000.png]
[cdn2.editmysite.com/images/util/general/top-triangle-000@2x.png]
[cdn2.editmysite.com/images/util/general/bottom-triangle-000@2x.png]
[cdn2.editmysite.com/sprites/common/social-icons-s5ea5500bdb.png]
[cdn2.editmysite.com/sprites/common/social-icons/@2x-s0ae7d70c70.png]
[cdn2.editmysite.com/sprites/site/mini-cart-s86c48effae.png]
[cdn2.editmysite.com/sprites/site/mini-cart/@2x-s576cbc3f90.png]
[cdn2.editmysite.com/images/loading.gif]
[cdn2.editmysite.com/sprites/site/mobile/commerce-sdf6d4e852c.png]
[cdn2.editmysite.com/sprites/site/mobile/commerce/@2x-s82f968c453.png]
[cdn2.editmysite.com/images/site/checkout/paypal.png]
[cdn2.editmysite.com/images/site/checkout/@2x/paypal.png]
[cdn2.editmysite.com/images/site/checkout/credit-cards.png]
[cdn2.editmysite.com/images/site/checkout/@2x/credit-cards.png]
[cdn2.editmysite.com/images/site/checkout/print.png]
[cdn2.editmysite.com/images/site/checkout/print@2x.png]
[cdn2.editmysite.com/images/vendor/select2/select2.png]
[cdn2.editmysite.com/images/vendor/select2/select2-spinner.gif]
[cdn2.editmysite.com/images/vendor/select2/select2x2.png]
[cdn2.editmysite.com/images/util/spinner/spinner-dark.png]
[cdn2.editmysite.com/images/util/spinner/spinner-light.png]
[cdn2.editmysite.com/images/util/loading-white-w24.gif]
[cdn2.editmysite.com/images/common/form_input_bg.gif]
[cdn2.editmysite.com/sprites/site/forms-s3786257308.png]
[cdn2.editmysite.com/sprites/site/forms/@2x-s47607b315a.png]
[cdn2.editmysite.com/images/blank.gif]
[cdn2.editmysite.com/images/old/photoswipe/loader.gif]
[cdn2.editmysite.com/images/old/photoswipe/error.gif]
[cdn2.editmysite.com/images/old/photoswipe/icons.png]
[cdn2.editmysite.com/images/old/photoswipe/icons@2x.png]
[cdn2.editmysite.com/css/sites694e.css]
[cdn2.editmysite.com/images/old/fancybox/fancybox_sprite.png]
[cdn2.editmysite.com/images/old/fancybox/fancybox_loading.gif]
[cdn2.editmysite.com/images/old/fancybox/blank.gif]
[cdn2.editmysite.com/images/old/fancybox/fancybox_overlay.png]
[cdn2.editmysite.com/css/old/fancybox3370.css]
[cdn2.editmysite.com/css/social-iconsd14e.css]
[neomilne.weebly.com/files/theme/images/default_headerb1a6.jpg]
[neomilne.weebly.com/files/theme/images/downarrowb1a6.png]
[neomilne.weebly.com/files/theme/images/default_iconsb1a6.png]
[neomilne.weebly.com/files/theme/images/teal_iconsb1a6.png]
[neomilne.weebly.com/files/main_styleb1a6.css]
[cdn2.editmysite.com/images/old/slideshow/control_icons.gif]
[cdn2.editmysite.com/images/old/slideshow/header_slideshow_sprites.png]
[cdn2.editmysite.com/images/old/loading.gif]
[cdn2.editmysite.com/images/old/slideshow/header_slideshow_sprites1x.png]
[cdn2.editmysite.com/css/old/slideshow/slideshow4004.css]
[neomilne.weebly.com/files/templateArtifactsb1a6.js]
[cdn2.editmysite.com/js/lang/en/stl234f.js]
[cdn2.editmysite.com/js/site/main694e.js]
[cdn2.editmysite.com/js/old/slideshow-jq694e.js]
[cdn2.editmysite.com/js/lang/en/stlce0b.js]
[cdn2.editmysite.com/css/sites0ce5.css]
[cdn2.editmysite.com/css/old/slideshow/slideshow2b76.css]
[cdn2.editmysite.com/js/site/main0ce5.js]
[cdn2.editmysite.com/js/old/slideshow-jq0ce5.js]
[cdn2.editmysite.com/js/lang/en/stl8596.js]
[neomilne.weebly.com/uploads/1/2/1/9/121957569/fronts-n-1256-00-000025-wz-pyr_1_orig.jpg]
[neomilne.weebly.com/uploads/1/2/1/9/121957569/3_orig.jpg]
[neomilne.weebly.com/uploads/1/2/1/9/121957569/3.jpg]
[neomilne.weebly.com/uploads/1/2/1/9/121957569/4_orig.jpg]
[neomilne.weebly.com/uploads/1/2/1/9/121957569/4.jpg]
[neomilne.weebly.com/uploads/1/2/1/9/121957569/1_orig.jpg]
[neomilne.weebly.com/uploads/1/2/1/9/121957569/1.jpg]
[neomilne.weebly.com/uploads/1/2/1/9/121957569/2_1_orig.jpg]
[neomilne.weebly.com/uploads/1/2/1/9/121957569/2_1.jpg]
[neomilne.weebly.com/uploads/1/2/1/9/121957569/5_1_orig.jpg]
[neomilne.weebly.com/uploads/1/2/1/9/121957569/5_1.jpg]
[neomilne.weebly.com/uploads/1/2/1/9/121957569/6_orig.jpg]
[neomilne.weebly.com/uploads/1/2/1/9/121957569/6.jpg]
[neomilne.weebly.com/uploads/1/2/1/9/121957569/dsc-0065_orig.jpg]
[neomilne.weebly.com/uploads/1/2/1/9/121957569/dsc-0065.jpg]
[neomilne.weebly.com/uploads/1/2/1/9/121957569/dsc-0065_1_orig.jpg]
[neomilne.weebly.com/uploads/1/2/1/9/121957569/dsc-0065_1.jpg]
[neomilne.weebly.com/uploads/1/2/1/9/121957569/img-0013_1_orig.jpg]
[neomilne.weebly.com/uploads/1/2/1/9/121957569/img-0013_1.jpg]
[neomilne.weebly.com/uploads/1/2/1/9/121957569/img-0014_1_orig.jpg]
[neomilne.weebly.com/uploads/1/2/1/9/121957569/img-0014_1.jpg]
[neomilne.weebly.com/uploads/1/2/1/9/121957569/img-0015_1_orig.jpg]
[neomilne.weebly.com/uploads/1/2/1/9/121957569/img-0015_1.jpg]
[neomilne.weebly.com/uploads/1/2/1/9/121957569/img-0016_1_orig.jpg]
[neomilne.weebly.com/uploads/1/2/1/9/121957569/img-0016_1.jpg]
[neomilne.weebly.com/uploads/1/2/1/9/121957569/img-0017_1_orig.jpg]
[neomilne.weebly.com/uploads/1/2/1/9/121957569/img-0017_1.jpg]
[neomilne.weebly.com/uploads/1/2/1/9/121957569/img-0018_1_orig.jpg]
[neomilne.weebly.com/uploads/1/2/1/9/121957569/img-0018_1.jpg]
[neomilne.weebly.com/uploads/1/2/1/9/121957569/img-0019_1_orig.jpg]
[neomilne.weebly.com/uploads/1/2/1/9/121957569/img-0019_1.jpg]
[neomilne.weebly.com/uploads/1/2/1/9/121957569/img-0001_orig.jpg]
[neomilne.weebly.com/uploads/1/2/1/9/121957569/img-0001.jpg]
[neomilne.weebly.com/uploads/1/2/1/9/121957569/img-0002_orig.jpg]
[neomilne.weebly.com/uploads/1/2/1/9/121957569/img-0002.jpg]
[neomilne.weebly.com/uploads/1/2/1/9/121957569/img-0003_1_orig.jpg]
[neomilne.weebly.com/uploads/1/2/1/9/121957569/img-0003_1.jpg]
[neomilne.weebly.com/uploads/1/2/1/9/121957569/img-0004_1_orig.jpg]
[neomilne.weebly.com/uploads/1/2/1/9/121957569/img-0004_1.jpg]
[neomilne.weebly.com/uploads/1/2/1/9/121957569/img-0005_1_orig.jpg]
[neomilne.weebly.com/uploads/1/2/1/9/121957569/img-0005_1.jpg]
[neomilne.weebly.com/uploads/1/2/1/9/121957569/img-0006_1_orig.jpg]
[neomilne.weebly.com/uploads/1/2/1/9/121957569/img-0006_1.jpg]
[neomilne.weebly.com/uploads/1/2/1/9/121957569/img-0007_1_orig.jpg]
[neomilne.weebly.com/uploads/1/2/1/9/121957569/img-0007_1.jpg]
[neomilne.weebly.com/uploads/1/2/1/9/121957569/img-0008_1_orig.jpg]
[neomilne.weebly.com/uploads/1/2/1/9/121957569/img-0008_1.jpg]
[neomilne.weebly.com/uploads/1/2/1/9/121957569/img-0009_1_orig.jpg]
[neomilne.weebly.com/uploads/1/2/1/9/121957569/img-0009_1.jpg]
[neomilne.weebly.com/uploads/1/2/1/9/121957569/img-0010_1_orig.jpg]
[neomilne.weebly.com/uploads/1/2/1/9/121957569/img-0010_1.jpg]
[neomilne.weebly.com/uploads/1/2/1/9/121957569/img-0011_1_orig.jpg]
[neomilne.weebly.com/uploads/1/2/1/9/121957569/img-0011_1.jpg]
[neomilne.weebly.com/uploads/1/2/1/9/121957569/img-0012_1_orig.jpg]
[neomilne.weebly.com/uploads/1/2/1/9/121957569/img-0012_1.jpg]
[neomilne.weebly.com/uploads/1/2/1/9/121957569/published/img-9976_16c16.jpg]
[neomilne.weebly.com/uploads/1/2/1/9/121957569/3-bro_2_orig.jpg]
[neomilne.weebly.com/uploads/1/2/1/9/121957569/8df2c4052ff510e1a40bdac7b809f4c2_orig.jpg]
[neomilne.weebly.com/uploads/1/2/1/9/121957569/img-9372_1_orig.jpg]
[neomilne.weebly.com/uploads/1/2/1/9/121957569/img-9372_1.jpg]
[neomilne.weebly.com/uploads/1/2/1/9/121957569/img-9373_1_orig.jpg]
[neomilne.weebly.com/uploads/1/2/1/9/121957569/img-9373_1.jpg]
[neomilne.weebly.com/uploads/1/2/1/9/121957569/img-9374_1_orig.jpg]
[neomilne.weebly.com/uploads/1/2/1/9/121957569/img-9374_1.jpg]
[neomilne.weebly.com/uploads/1/2/1/9/121957569/circles-2_orig.jpg]
[neomilne.weebly.com/uploads/1/2/1/9/121957569/8366905-prt02-canon-xxt01169-o-0047-002_orig.jpg]
[neomilne.weebly.com/uploads/1/2/1/9/121957569/8366905-prt02-canon-xxt01169-o-0047-002.jpg]
[neomilne.weebly.com/uploads/1/2/1/9/121957569/8366905-prt02-canon-xxt01169-o-0047-003_orig.jpg]
[neomilne.weebly.com/uploads/1/2/1/9/121957569/8366905-prt02-canon-xxt01169-o-0047-003.jpg]
[neomilne.weebly.com/uploads/1/2/1/9/121957569/8366905-prt02-canon-xxt01169-o-0047-011_orig.jpg]
[neomilne.weebly.com/uploads/1/2/1/9/121957569/8366905-prt02-canon-xxt01169-o-0047-011.jpg]
[neomilne.weebly.com/uploads/1/2/1/9/121957569/8366905-prt02-canon-xxt01169-o-0047-012_orig.jpg]
[neomilne.weebly.com/uploads/1/2/1/9/121957569/8366905-prt02-canon-xxt01169-o-0047-012.jpg]
[neomilne.weebly.com/uploads/1/2/1/9/121957569/8366905-prt02-canon-xxt01169-o-0047-013_orig.jpg]
[neomilne.weebly.com/uploads/1/2/1/9/121957569/8366905-prt02-canon-xxt01169-o-0047-013.jpg]
[neomilne.weebly.com/uploads/1/2/1/9/121957569/published/neo-1d37d.jpg]
[neomilne.weebly.com/uploads/1/2/1/9/121957569/img-9930_orig.jpg]
[neomilne.weebly.com/uploads/1/2/1/9/121957569/img-9929_orig.jpg]
[neomilne.weebly.com/uploads/1/2/1/9/121957569/published/neo2_1446d.jpg]
[neomilne.weebly.com/uploads/1/2/1/9/121957569/61_orig.jpg]
[neomilne.weebly.com/uploads/1/2/1/9/121957569/61.jpg]
[neomilne.weebly.com/uploads/1/2/1/9/121957569/141_orig.jpg]
[neomilne.weebly.com/uploads/1/2/1/9/121957569/141.jpg]
[neomilne.weebly.com/uploads/1/2/1/9/121957569/1_1_orig.jpg]
[neomilne.weebly.com/uploads/1/2/1/9/121957569/1_1.jpg]
[neomilne.weebly.com/uploads/1/2/1/9/121957569/2_2_orig.jpg]
[neomilne.weebly.com/uploads/1/2/1/9/121957569/2_2.jpg]
[neomilne.weebly.com/uploads/1/2/1/9/121957569/3_1_orig.jpg]
[neomilne.weebly.com/uploads/1/2/1/9/121957569/3_1.jpg]
[neomilne.weebly.com/uploads/1/2/1/9/121957569/4_1_orig.jpg]
[neomilne.weebly.com/uploads/1/2/1/9/121957569/4_1.jpg]
[neomilne.weebly.com/uploads/1/2/1/9/121957569/5_2_orig.jpg]
[neomilne.weebly.com/uploads/1/2/1/9/121957569/5_2.jpg]
[neomilne.weebly.com/uploads/1/2/1/9/121957569/published/img-95196e15.jpg]
[neomilne.weebly.com/uploads/1/2/1/9/121957569/img-0112_orig.jpg]
[neomilne.weebly.com/uploads/1/2/1/9/121957569/img-0112.jpg]
[neomilne.weebly.com/uploads/1/2/1/9/121957569/img-0113_orig.jpg]
[neomilne.weebly.com/uploads/1/2/1/9/121957569/img-0113.jpg]
[neomilne.weebly.com/uploads/1/2/1/9/121957569/img-0114_orig.jpg]
[neomilne.weebly.com/uploads/1/2/1/9/121957569/img-0114.jpg]
[neomilne.weebly.com/uploads/1/2/1/9/121957569/img-0115_orig.jpg]
[neomilne.weebly.com/uploads/1/2/1/9/121957569/img-0115.jpg]
[neomilne.weebly.com/uploads/1/2/1/9/121957569/img-0116_orig.jpg]
[neomilne.weebly.com/uploads/1/2/1/9/121957569/img-0116.jpg]
[neomilne.weebly.com/uploads/1/2/1/9/121957569/img-0117_orig.jpg]
[neomilne.weebly.com/uploads/1/2/1/9/121957569/img-0117.jpg]
[neomilne.weebly.com/uploads/1/2/1/9/121957569/img-0118_orig.jpg]
[neomilne.weebly.com/uploads/1/2/1/9/121957569/img-0118.jpg]
[neomilne.weebly.com/uploads/1/2/1/9/121957569/img-0119_orig.jpg]
[neomilne.weebly.com/uploads/1/2/1/9/121957569/img-0119.jpg]
[neomilne.weebly.com/uploads/1/2/1/9/121957569/img-0120_orig.jpg]
[neomilne.weebly.com/uploads/1/2/1/9/121957569/img-0120.jpg]
[neomilne.weebly.com/uploads/1/2/1/9/121957569/img-0121_orig.jpg]
[neomilne.weebly.com/uploads/1/2/1/9/121957569/img-0121.jpg]
[neomilne.weebly.com/uploads/1/2/1/9/121957569/img-0122_orig.jpg]
[neomilne.weebly.com/uploads/1/2/1/9/121957569/img-0122.jpg]
[neomilne.weebly.com/uploads/1/2/1/9/121957569/img-0123_orig.jpg]
[neomilne.weebly.com/uploads/1/2/1/9/121957569/img-0123.jpg]
[neomilne.weebly.com/uploads/1/2/1/9/121957569/img-0124_orig.jpg]
[neomilne.weebly.com/uploads/1/2/1/9/121957569/img-0124.jpg]
[neomilne.weebly.com/uploads/1/2/1/9/121957569/img-0125_orig.jpg]
[neomilne.weebly.com/uploads/1/2/1/9/121957569/img-0125.jpg]
[neomilne.weebly.com/uploads/1/2/1/9/121957569/img-0126_orig.jpg]
[neomilne.weebly.com/uploads/1/2/1/9/121957569/img-0126.jpg]
[neomilne.weebly.com/uploads/1/2/1/9/121957569/img-0144_orig.jpg]
[neomilne.weebly.com/uploads/1/2/1/9/121957569/img-0144.jpg]
[neomilne.weebly.com/uploads/1/2/1/9/121957569/img-0145_orig.jpg]
[neomilne.weebly.com/uploads/1/2/1/9/121957569/img-0145.jpg]
[neomilne.weebly.com/uploads/1/2/1/9/121957569/img-0146_orig.jpg]
[neomilne.weebly.com/uploads/1/2/1/9/121957569/img-0146.jpg]
[neomilne.weebly.com/uploads/1/2/1/9/121957569/img-0147_orig.jpg]
[neomilne.weebly.com/uploads/1/2/1/9/121957569/img-0147.jpg]
[neomilne.weebly.com/uploads/1/2/1/9/121957569/img-0148_orig.jpg]
[neomilne.weebly.com/uploads/1/2/1/9/121957569/img-0148.jpg]
[neomilne.weebly.com/uploads/1/2/1/9/121957569/img-0149_orig.jpg]
[neomilne.weebly.com/uploads/1/2/1/9/121957569/img-0149.jpg]
[neomilne.weebly.com/uploads/1/2/1/9/121957569/img-0150_orig.jpg]
[neomilne.weebly.com/uploads/1/2/1/9/121957569/img-0150.jpg]
[neomilne.weebly.com/uploads/1/2/1/9/121957569/img-0151_orig.jpg]
[neomilne.weebly.com/uploads/1/2/1/9/121957569/img-0151.jpg]
[neomilne.weebly.com/uploads/1/2/1/9/121957569/img-0152_orig.jpg]
[neomilne.weebly.com/uploads/1/2/1/9/121957569/img-0152.jpg]
[neomilne.weebly.com/uploads/1/2/1/9/121957569/img-0153_orig.jpg]
[neomilne.weebly.com/uploads/1/2/1/9/121957569/img-0153.jpg]
[neomilne.weebly.com/uploads/1/2/1/9/121957569/img-0158_orig.jpg]
[neomilne.weebly.com/uploads/1/2/1/9/121957569/img-0158.jpg]
[neomilne.weebly.com/uploads/1/2/1/9/121957569/img-0159_orig.jpg]
[neomilne.weebly.com/uploads/1/2/1/9/121957569/img-0159.jpg]
[neomilne.weebly.com/uploads/1/2/1/9/121957569/img-0160_orig.jpg]
[neomilne.weebly.com/uploads/1/2/1/9/121957569/img-0160.jpg]
[neomilne.weebly.com/uploads/1/2/1/9/121957569/img-0161_orig.jpg]
[neomilne.weebly.com/uploads/1/2/1/9/121957569/img-0161.jpg]
[neomilne.weebly.com/uploads/1/2/1/9/121957569/img-0162_orig.jpg]
[neomilne.weebly.com/uploads/1/2/1/9/121957569/img-0162.jpg]
[neomilne.weebly.com/uploads/1/2/1/9/121957569/img-0163_orig.jpg]
[neomilne.weebly.com/uploads/1/2/1/9/121957569/img-0163.jpg]
[neomilne.weebly.com/uploads/1/2/1/9/121957569/img-0164_orig.jpg]
[neomilne.weebly.com/uploads/1/2/1/9/121957569/img-0164.jpg]
[neomilne.weebly.com/uploads/1/2/1/9/121957569/img-0165_orig.jpg]
[neomilne.weebly.com/uploads/1/2/1/9/121957569/img-0165.jpg]
[neomilne.weebly.com/uploads/1/2/1/9/121957569/img-0166_orig.jpg]
[neomilne.weebly.com/uploads/1/2/1/9/121957569/img-0166.jpg]
[neomilne.weebly.com/uploads/1/2/1/9/121957569/img-0167_orig.jpg]
[neomilne.weebly.com/uploads/1/2/1/9/121957569/img-0167.jpg]
[neomilne.weebly.com/uploads/1/2/1/9/121957569/img-0168_orig.jpg]
[neomilne.weebly.com/uploads/1/2/1/9/121957569/img-0168.jpg]
[neomilne.weebly.com/uploads/1/2/1/9/121957569/img-0169_orig.jpg]
[neomilne.weebly.com/uploads/1/2/1/9/121957569/img-0169.jpg]
[neomilne.weebly.com/uploads/1/2/1/9/121957569/img-0170_orig.jpg]
[neomilne.weebly.com/uploads/1/2/1/9/121957569/img-0170.jpg]
[neomilne.weebly.com/uploads/1/2/1/9/121957569/img-0171_orig.jpg]
[neomilne.weebly.com/uploads/1/2/1/9/121957569/img-0171.jpg]
[neomilne.weebly.com/uploads/1/2/1/9/121957569/img-0172_orig.jpg]
[neomilne.weebly.com/uploads/1/2/1/9/121957569/img-0172.jpg]
[neomilne.weebly.com/uploads/1/2/1/9/121957569/img-0173_orig.jpg]
[neomilne.weebly.com/uploads/1/2/1/9/121957569/img-0173.jpg]
[neomilne.weebly.com/uploads/1/2/1/9/121957569/img-0174_orig.jpg]
[neomilne.weebly.com/uploads/1/2/1/9/121957569/img-0174.jpg]
[neomilne.weebly.com/uploads/1/2/1/9/121957569/img-0175_orig.jpg]
[neomilne.weebly.com/uploads/1/2/1/9/121957569/img-0175.jpg]
[neomilne.weebly.com/uploads/1/2/1/9/121957569/img-0176_orig.jpg]
[neomilne.weebly.com/uploads/1/2/1/9/121957569/img-0176.jpg]
[neomilne.weebly.com/uploads/1/2/1/9/121957569/img-0177_orig.jpg]
[neomilne.weebly.com/uploads/1/2/1/9/121957569/img-0177.jpg]
[neomilne.weebly.com/uploads/1/2/1/9/121957569/img-0179_orig.jpg]
[neomilne.weebly.com/uploads/1/2/1/9/121957569/img-0179.jpg]
[neomilne.weebly.com/uploads/1/2/1/9/121957569/img-0180_orig.jpg]
[neomilne.weebly.com/uploads/1/2/1/9/121957569/img-0180.jpg]
[neomilne.weebly.com/uploads/1/2/1/9/121957569/img-0181_orig.jpg]
[neomilne.weebly.com/uploads/1/2/1/9/121957569/img-0181.jpg]
[neomilne.weebly.com/uploads/1/2/1/9/121957569/img-0182_orig.jpg]
[neomilne.weebly.com/uploads/1/2/1/9/121957569/img-0182.jpg]
[neomilne.weebly.com/uploads/1/2/1/9/121957569/img-0183_orig.jpg]
[neomilne.weebly.com/uploads/1/2/1/9/121957569/img-0183.jpg]
[neomilne.weebly.com/uploads/1/2/1/9/121957569/img-0184_orig.jpg]
[neomilne.weebly.com/uploads/1/2/1/9/121957569/img-0184.jpg]
[neomilne.weebly.com/uploads/1/2/1/9/121957569/img-0185_orig.jpg]
[neomilne.weebly.com/uploads/1/2/1/9/121957569/img-0185.jpg]
[neomilne.weebly.com/uploads/1/2/1/9/121957569/img-0186_orig.jpg]
[neomilne.weebly.com/uploads/1/2/1/9/121957569/img-0186.jpg]
[neomilne.weebly.com/uploads/1/2/1/9/121957569/img-0187_orig.jpg]
[neomilne.weebly.com/uploads/1/2/1/9/121957569/img-0187.jpg]
[neomilne.weebly.com/uploads/1/2/1/9/121957569/img-0188_orig.jpg]
[neomilne.weebly.com/uploads/1/2/1/9/121957569/img-0188.jpg]
[neomilne.weebly.com/uploads/1/2/1/9/121957569/8366905-prt02-canon-xxt01169-o-0059-001_orig.jpg]
[neomilne.weebly.com/uploads/1/2/1/9/121957569/8366905-prt02-canon-xxt01169-o-0059-001.jpg]
[neomilne.weebly.com/uploads/1/2/1/9/121957569/8366905-prt02-canon-xxt01169-o-0059-002_orig.jpg]
[neomilne.weebly.com/uploads/1/2/1/9/121957569/8366905-prt02-canon-xxt01169-o-0059-002.jpg]
[neomilne.weebly.com/uploads/1/2/1/9/121957569/8366905-prt02-canon-xxt01169-o-0059-003_orig.jpg]
[neomilne.weebly.com/uploads/1/2/1/9/121957569/8366905-prt02-canon-xxt01169-o-0059-003.jpg]
[neomilne.weebly.com/uploads/1/2/1/9/121957569/8366905-prt02-canon-xxt01169-o-0059-004_orig.jpg]
[neomilne.weebly.com/uploads/1/2/1/9/121957569/8366905-prt02-canon-xxt01169-o-0059-004.jpg]
[neomilne.weebly.com/uploads/1/2/1/9/121957569/published/img-0217ce21.jpg]
[neomilne.weebly.com/uploads/1/2/1/9/121957569/img-0290_orig.jpg]
[cdn2.editmysite.com/js/site/main-customer-accounts-site0ce5.js]
[neomilne.weebly.com/beginningend.html]
[neomilne.weebly.com/uploads/1/2/1/9/121957569/skull3darken_orig.jpg]
[neomilne.weebly.com/uploads/1/2/1/9/121957569/skull3darken.jpg]
[neomilne.weebly.com/uploads/1/2/1/9/121957569/stig-skull_orig.jpg]
[neomilne.weebly.com/uploads/1/2/1/9/121957569/stig-skull.jpg]
[neomilne.weebly.com/uploads/1/2/1/9/121957569/neo1_orig.jpg]
[neomilne.weebly.com/uploads/1/2/1/9/121957569/neo1.jpg]
[neomilne.weebly.com/uploads/1/2/1/9/121957569/neo2_orig.jpg]
[neomilne.weebly.com/uploads/1/2/1/9/121957569/neo2.jpg]
[neomilne.weebly.com/uploads/1/2/1/9/121957569/neo3_orig.jpg]
[neomilne.weebly.com/uploads/1/2/1/9/121957569/neo3.jpg]
[neomilne.weebly.com/uploads/1/2/1/9/121957569/y11_midterm_images_hand_in_www_ebi_aos_feedback.pdf]
[students.weebly.com/weebly/images/file_icons/pdf.png]
[neomilne.weebly.com/uploads/1/2/1/9/121957569/neo-recreating-sources-15-nov_orig.jpg]
[neomilne.weebly.com/uploads/1/2/1/9/121957569/img-9352_orig.jpg]
[neomilne.weebly.com/uploads/1/2/1/9/121957569/img-9352.jpg]
[neomilne.weebly.com/uploads/1/2/1/9/121957569/img-9372_orig.jpg]
[neomilne.weebly.com/uploads/1/2/1/9/121957569/img-9372.jpg]
[neomilne.weebly.com/uploads/1/2/1/9/121957569/img-9373_orig.jpg]
[neomilne.weebly.com/uploads/1/2/1/9/121957569/img-9373.jpg]
[neomilne.weebly.com/uploads/1/2/1/9/121957569/img-9374_orig.jpg]
[neomilne.weebly.com/uploads/1/2/1/9/121957569/img-9374.jpg]
[neomilne.weebly.com/teacher-feedback.html]
[neomilne.weebly.com/uploads/1/2/1/9/121957569/super-doper-cool-by-neo_orig.jpg]
[neomilne.weebly.com/uploads/1/2/1/9/121957569/download-6_orig.jpg]
[neomilne.weebly.com/uploads/1/2/1/9/121957569/new_orig.jpg]
[neomilne.weebly.com/uploads/1/2/1/9/121957569/dsc-0072_orig.jpg]
[neomilne.weebly.com/uploads/1/2/1/9/121957569/dsc-0072.jpg]
[neomilne.weebly.com/uploads/1/2/1/9/121957569/dsc-0073_orig.jpg]
[neomilne.weebly.com/uploads/1/2/1/9/121957569/dsc-0073.jpg]
[neomilne.weebly.com/uploads/1/2/1/9/121957569/dsc-0074_1_orig.jpg]
[neomilne.weebly.com/uploads/1/2/1/9/121957569/dsc-0074_1.jpg]
[neomilne.weebly.com/uploads/1/2/1/9/121957569/dsc-0070_orig.jpg]
[neomilne.weebly.com/uploads/1/2/1/9/121957569/dsc-0070.jpg]
[neomilne.weebly.com/uploads/1/2/1/9/121957569/dsc-0071_1_orig.jpg]
[neomilne.weebly.com/uploads/1/2/1/9/121957569/dsc-0071_1.jpg]
[neomilne.weebly.com/uploads/1/2/1/9/121957569/dsc-0069_orig.jpg]
[neomilne.weebly.com/uploads/1/2/1/9/121957569/dsc-0069.jpg]
[neomilne.weebly.com/uploads/1/2/1/9/121957569/dsc-0067_orig.jpg]
[neomilne.weebly.com/uploads/1/2/1/9/121957569/dsc-0067.jpg]
[neomilne.weebly.com/uploads/1/2/1/9/121957569/dsc-0068_orig.jpg]
[neomilne.weebly.com/uploads/1/2/1/9/121957569/dsc-0068.jpg]
[neomilne.weebly.com/uploads/1/2/1/9/121957569/dsc-0066_1_orig.jpg]
[neomilne.weebly.com/uploads/1/2/1/9/121957569/dsc-0066_1.jpg]
[neomilne.weebly.com/uploads/1/2/1/9/121957569/dsc-0065_3_orig.jpg]
[neomilne.weebly.com/uploads/1/2/1/9/121957569/dsc-0065_3.jpg]
[neomilne.weebly.com/uploads/1/2/1/9/121957569/dsc-0064_1_orig.jpg]
[neomilne.weebly.com/uploads/1/2/1/9/121957569/dsc-0064_1.jpg]
[neomilne.weebly.com/uploads/1/2/1/9/121957569/dsc-0063_orig.jpg]
[neomilne.weebly.com/uploads/1/2/1/9/121957569/dsc-0063.jpg]
[neomilne.weebly.com/uploads/1/2/1/9/121957569/dsc-0061_1_orig.jpg]
[neomilne.weebly.com/uploads/1/2/1/9/121957569/dsc-0061_1.jpg]
[neomilne.weebly.com/uploads/1/2/1/9/121957569/dsc-0062_1_orig.jpg]
[neomilne.weebly.com/uploads/1/2/1/9/121957569/dsc-0062_1.jpg]
[neomilne.weebly.com/uploads/1/2/1/9/121957569/dsc-0058_orig.jpg]
[neomilne.weebly.com/uploads/1/2/1/9/121957569/dsc-0058.jpg]
[neomilne.weebly.com/uploads/1/2/1/9/121957569/dsc-0059_1_orig.jpg]
[neomilne.weebly.com/uploads/1/2/1/9/121957569/dsc-0059_1.jpg]
[neomilne.weebly.com/uploads/1/2/1/9/121957569/dsc-0060_orig.jpg]
[neomilne.weebly.com/uploads/1/2/1/9/121957569/dsc-0060.jpg]
[neomilne.weebly.com/uploads/1/2/1/9/121957569/dsc-0057_orig.jpg]
[neomilne.weebly.com/uploads/1/2/1/9/121957569/dsc-0057.jpg]
[neomilne.weebly.com/uploads/1/2/1/9/121957569/dsc-0056_orig.jpg]
[neomilne.weebly.com/uploads/1/2/1/9/121957569/dsc-0056.jpg]
[neomilne.weebly.com/uploads/1/2/1/9/121957569/dsc-0053_orig.jpg]
[neomilne.weebly.com/uploads/1/2/1/9/121957569/dsc-0053.jpg]
[neomilne.weebly.com/uploads/1/2/1/9/121957569/dsc-0054_orig.jpg]
[neomilne.weebly.com/uploads/1/2/1/9/121957569/dsc-0054.jpg]
[neomilne.weebly.com/uploads/1/2/1/9/121957569/dsc-0055_orig.jpg]
[neomilne.weebly.com/uploads/1/2/1/9/121957569/dsc-0055.jpg]
[neomilne.weebly.com/uploads/1/2/1/9/121957569/dsc-0048_orig.jpg]
[neomilne.weebly.com/uploads/1/2/1/9/121957569/dsc-0048.jpg]
[neomilne.weebly.com/uploads/1/2/1/9/121957569/dsc-0049_orig.jpg]
[neomilne.weebly.com/uploads/1/2/1/9/121957569/dsc-0049.jpg]
[neomilne.weebly.com/uploads/1/2/1/9/121957569/dsc-0050_orig.jpg]
[neomilne.weebly.com/uploads/1/2/1/9/121957569/dsc-0050.jpg]
[neomilne.weebly.com/uploads/1/2/1/9/121957569/dsc-0051_orig.jpg]
[neomilne.weebly.com/uploads/1/2/1/9/121957569/dsc-0051.jpg]
[neomilne.weebly.com/uploads/1/2/1/9/121957569/dsc-0052_orig.jpg]
[neomilne.weebly.com/uploads/1/2/1/9/121957569/dsc-0052.jpg]
[neomilne.weebly.com/uploads/1/2/1/9/121957569/dsc-0045_orig.jpg]
[neomilne.weebly.com/uploads/1/2/1/9/121957569/dsc-0045.jpg]
[neomilne.weebly.com/uploads/1/2/1/9/121957569/dsc-0046_orig.jpg]
[neomilne.weebly.com/uploads/1/2/1/9/121957569/dsc-0046.jpg]
[neomilne.weebly.com/uploads/1/2/1/9/121957569/dsc-0047_orig.jpg]
[neomilne.weebly.com/uploads/1/2/1/9/121957569/dsc-0047.jpg]
[neomilne.weebly.com/uploads/1/2/1/9/121957569/dsc-0041_orig.jpg]
[neomilne.weebly.com/uploads/1/2/1/9/121957569/dsc-0041.jpg]
[neomilne.weebly.com/uploads/1/2/1/9/121957569/dsc-0042_orig.jpg]
[neomilne.weebly.com/uploads/1/2/1/9/121957569/dsc-0042.jpg]
[neomilne.weebly.com/uploads/1/2/1/9/121957569/dsc-0043_orig.jpg]
[neomilne.weebly.com/uploads/1/2/1/9/121957569/dsc-0043.jpg]
[neomilne.weebly.com/uploads/1/2/1/9/121957569/dsc-0044_orig.jpg]
[neomilne.weebly.com/uploads/1/2/1/9/121957569/dsc-0044.jpg]
[neomilne.weebly.com/uploads/1/2/1/9/121957569/dsc-0038_orig.jpg]
[neomilne.weebly.com/uploads/1/2/1/9/121957569/dsc-0038.jpg]
[neomilne.weebly.com/uploads/1/2/1/9/121957569/dsc-0039_orig.jpg]
[neomilne.weebly.com/uploads/1/2/1/9/121957569/dsc-0039.jpg]
[neomilne.weebly.com/uploads/1/2/1/9/121957569/dsc-0040_orig.jpg]
[neomilne.weebly.com/uploads/1/2/1/9/121957569/dsc-0040.jpg]
[neomilne.weebly.com/uploads/1/2/1/9/121957569/dsc-0034_orig.jpg]
[neomilne.weebly.com/uploads/1/2/1/9/121957569/dsc-0034.jpg]
[neomilne.weebly.com/uploads/1/2/1/9/121957569/dsc-0035_orig.jpg]
[neomilne.weebly.com/uploads/1/2/1/9/121957569/dsc-0035.jpg]
[neomilne.weebly.com/uploads/1/2/1/9/121957569/dsc-0036_orig.jpg]
[neomilne.weebly.com/uploads/1/2/1/9/121957569/dsc-0036.jpg]
[neomilne.weebly.com/uploads/1/2/1/9/121957569/dsc-0037_orig.jpg]
[neomilne.weebly.com/uploads/1/2/1/9/121957569/dsc-0037.jpg]
[neomilne.weebly.com/uploads/1/2/1/9/121957569/dsc-0030_orig.jpg]
[neomilne.weebly.com/uploads/1/2/1/9/121957569/dsc-0030.jpg]
[neomilne.weebly.com/uploads/1/2/1/9/121957569/dsc-0031_orig.jpg]
[neomilne.weebly.com/uploads/1/2/1/9/121957569/dsc-0031.jpg]
[neomilne.weebly.com/uploads/1/2/1/9/121957569/dsc-0032_orig.jpg]
[neomilne.weebly.com/uploads/1/2/1/9/121957569/dsc-0032.jpg]
[neomilne.weebly.com/uploads/1/2/1/9/121957569/dsc-0033_orig.jpg]
[neomilne.weebly.com/uploads/1/2/1/9/121957569/dsc-0033.jpg]
[neomilne.weebly.com/uploads/1/2/1/9/121957569/dsc-0028_orig.jpg]
[neomilne.weebly.com/uploads/1/2/1/9/121957569/dsc-0028.jpg]
[neomilne.weebly.com/uploads/1/2/1/9/121957569/dsc-0029_orig.jpg]
[neomilne.weebly.com/uploads/1/2/1/9/121957569/dsc-0029.jpg]
[neomilne.weebly.com/uploads/1/2/1/9/121957569/dsc-0025_orig.jpg]
[neomilne.weebly.com/uploads/1/2/1/9/121957569/dsc-0025.jpg]
[neomilne.weebly.com/uploads/1/2/1/9/121957569/dsc-0026_orig.jpg]
[neomilne.weebly.com/uploads/1/2/1/9/121957569/dsc-0026.jpg]
[neomilne.weebly.com/uploads/1/2/1/9/121957569/dsc-0027_orig.jpg]
[neomilne.weebly.com/uploads/1/2/1/9/121957569/dsc-0027.jpg]
[neomilne.weebly.com/uploads/1/2/1/9/121957569/dsc-0021_orig.jpg]
[neomilne.weebly.com/uploads/1/2/1/9/121957569/dsc-0021.jpg]
[neomilne.weebly.com/uploads/1/2/1/9/121957569/dsc-0022_orig.jpg]
[neomilne.weebly.com/uploads/1/2/1/9/121957569/dsc-0022.jpg]
[neomilne.weebly.com/uploads/1/2/1/9/121957569/dsc-0023_orig.jpg]
[neomilne.weebly.com/uploads/1/2/1/9/121957569/dsc-0023.jpg]
[neomilne.weebly.com/uploads/1/2/1/9/121957569/dsc-0024_orig.jpg]
[neomilne.weebly.com/uploads/1/2/1/9/121957569/dsc-0024.jpg]
[neomilne.weebly.com/uploads/1/2/1/9/121957569/dsc-0017_orig.jpg]
[neomilne.weebly.com/uploads/1/2/1/9/121957569/dsc-0017.jpg]
[neomilne.weebly.com/uploads/1/2/1/9/121957569/dsc-0018_orig.jpg]
[neomilne.weebly.com/uploads/1/2/1/9/121957569/dsc-0018.jpg]
[neomilne.weebly.com/uploads/1/2/1/9/121957569/dsc-0019_orig.jpg]
[neomilne.weebly.com/uploads/1/2/1/9/121957569/dsc-0019.jpg]
[neomilne.weebly.com/uploads/1/2/1/9/121957569/dsc-0020_orig.jpg]
[neomilne.weebly.com/uploads/1/2/1/9/121957569/dsc-0020.jpg]
[neomilne.weebly.com/uploads/1/2/1/9/121957569/dsc-0015_orig.jpg]
[neomilne.weebly.com/uploads/1/2/1/9/121957569/dsc-0015.jpg]
[neomilne.weebly.com/uploads/1/2/1/9/121957569/dsc-0016_orig.jpg]
[neomilne.weebly.com/uploads/1/2/1/9/121957569/dsc-0016.jpg]
[neomilne.weebly.com/uploads/1/2/1/9/121957569/dsc-0013_1_orig.jpg]
[neomilne.weebly.com/uploads/1/2/1/9/121957569/dsc-0013_1.jpg]
[neomilne.weebly.com/uploads/1/2/1/9/121957569/dsc-0014_orig.jpg]
[neomilne.weebly.com/uploads/1/2/1/9/121957569/dsc-0014.jpg]
[neomilne.weebly.com/uploads/1/2/1/9/121957569/dsc-0011_1_orig.jpg]
[neomilne.weebly.com/uploads/1/2/1/9/121957569/dsc-0011_1.jpg]
[neomilne.weebly.com/uploads/1/2/1/9/121957569/dsc-0012_1_orig.jpg]
[neomilne.weebly.com/uploads/1/2/1/9/121957569/dsc-0012_1.jpg]
[neomilne.weebly.com/uploads/1/2/1/9/121957569/dsc-0010_1_orig.jpg]
[neomilne.weebly.com/uploads/1/2/1/9/121957569/dsc-0010_1.jpg]
[neomilne.weebly.com/year-10-archive.html]
[cdn2.editmysite.com/css/sitesf032.css]
[cdn2.editmysite.com/css/old/slideshow/slideshowd9dc.css]
[cdn2.editmysite.com/js/site/mainf032.js]
[cdn2.editmysite.com/js/old/slideshow-jqf032.js]
[cdn2.editmysite.com/js/lang/en/stlcf4e.js]
[neomilne.weebly.com/uploads/1/2/1/9/121957569/5499c7b29243d6ca2123c66affa847c9_orig.jpg]
[neomilne.weebly.com/uploads/1/2/1/9/121957569/f8d2c459643364ea524817c13cb1f084_orig.jpg]
[neomilne.weebly.com/uploads/1/2/1/9/121957569/published/screen-shot-2015-07-27-at-1-52-20-pm_17550.png]
[neomilne.weebly.com/uploads/1/2/1/9/121957569/img-1701_orig.jpg]
[neomilne.weebly.com/uploads/1/2/1/9/121957569/img-2363_orig.jpg]
[neomilne.weebly.com/uploads/1/2/1/9/121957569/img-1702_orig.jpg]
[neomilne.weebly.com/uploads/1/2/1/9/121957569/8366905-prt02-canon-xvc06802-o-0337-004_orig.jpg]
[neomilne.weebly.com/uploads/1/2/1/9/121957569/neo_orig.jpg]
[neomilne.weebly.com/uploads/1/2/1/9/121957569/8366905-prt02-canon-xvc06802-o-0341-004_orig.jpg]
[neomilne.weebly.com/uploads/1/2/1/9/121957569/neo-posterise-1_orig.jpg]
[neomilne.weebly.com/uploads/1/2/1/9/121957569/img-2939_orig.jpg]
[neomilne.weebly.com/uploads/1/2/1/9/121957569/jude-kruger-1_orig.jpg]
[neomilne.weebly.com/uploads/1/2/1/9/121957569/jude-kruger-style_orig.jpg]
[neomilne.weebly.com/uploads/1/2/1/9/121957569/jude-gay_orig.jpg]
[neomilne.weebly.com/uploads/1/2/1/9/121957569/jude-giner1_orig.jpg]
[neomilne.weebly.com/uploads/1/2/1/9/121957569/published/4067e8997a2b4d2e56c209cefb4b907f-1f51c.jpg]
[neomilne.weebly.com/uploads/1/2/1/9/121957569/img-9892_orig.jpg]
[neomilne.weebly.com/uploads/1/2/1/9/121957569/img-9892.jpg]
[neomilne.weebly.com/uploads/1/2/1/9/121957569/img-9893_orig.jpg]
[neomilne.weebly.com/uploads/1/2/1/9/121957569/img-9893.jpg]
[neomilne.weebly.com/uploads/1/2/1/9/121957569/img-9894_orig.jpg]
[neomilne.weebly.com/uploads/1/2/1/9/121957569/img-9894.jpg]
[neomilne.weebly.com/uploads/1/2/1/9/121957569/img-9895_orig.jpg]
[neomilne.weebly.com/uploads/1/2/1/9/121957569/img-9895.jpg]
[neomilne.weebly.com/uploads/1/2/1/9/121957569/img-9896_orig.jpg]
[neomilne.weebly.com/uploads/1/2/1/9/121957569/img-9896.jpg]
[neomilne.weebly.com/uploads/1/2/1/9/121957569/img-9897_orig.jpg]
[neomilne.weebly.com/uploads/1/2/1/9/121957569/img-9897.jpg]
[neomilne.weebly.com/uploads/1/2/1/9/121957569/img-9898_orig.jpg]
[neomilne.weebly.com/uploads/1/2/1/9/121957569/img-9898.jpg]
[neomilne.weebly.com/uploads/1/2/1/9/121957569/img-9899_orig.jpg]
[neomilne.weebly.com/uploads/1/2/1/9/121957569/img-9899.jpg]
[neomilne.weebly.com/uploads/1/2/1/9/121957569/img-9900_orig.jpg]
[neomilne.weebly.com/uploads/1/2/1/9/121957569/img-9900.jpg]
[neomilne.weebly.com/uploads/1/2/1/9/121957569/img-9901_orig.jpg]
[neomilne.weebly.com/uploads/1/2/1/9/121957569/img-9901.jpg]
[neomilne.weebly.com/uploads/1/2/1/9/121957569/img-9902_orig.jpg]
[neomilne.weebly.com/uploads/1/2/1/9/121957569/img-9902.jpg]
[neomilne.weebly.com/uploads/1/2/1/9/121957569/img-9903_orig.jpg]
[neomilne.weebly.com/uploads/1/2/1/9/121957569/img-9903.jpg]
[neomilne.weebly.com/uploads/1/2/1/9/121957569/ar00184-10_orig.jpg]
[neomilne.weebly.com/uploads/1/2/1/9/121957569/download-18_orig.jpg]
[neomilne.weebly.com/uploads/1/2/1/9/121957569/download-19_orig.jpg]
[neomilne.weebly.com/uploads/1/2/1/9/121957569/download-20_orig.jpg]
[neomilne.weebly.com/uploads/1/2/1/9/121957569/download-21_orig.jpg]
[neomilne.weebly.com/uploads/1/2/1/9/121957569/img-9902_2_orig.jpg]
[cdn2.editmysite.com/js/site/main-customer-accounts-sitef032.js]
[neomilne.weebly.com/exam.html]
[neomilne.weebly.com/_/uploads/1/2/1/9/121957569/background-images/1042353518.html]
[cdn2.editmysite.com/js/site/footerSignup0ce5.js]
[cdn2.editmysite.com/js/site/main-customer-accounts-site694e.js]
[cdn2.editmysite.com/js/wsnbn/snowday262.js]
[neomilne.weebly.com/o.html]
[neomilne.weebly.com/mustache.html]
[neomilne.weebly.com/formSubmit.html]
[neomilne.weebly.com/formSubmitAjax.html]
[neomilne.weebly.com/weebly/libraries/videojs/video-js.html]
[neomilne.weebly.com/AppleWebKit/index.html]
[neomilne.weebly.com/Mobile/index.html]
[cdn2.editmysite.com/css/sites0ce5.css]
[cdn2.editmysite.com/css/old/slideshow/slideshow2b76.css]
[cdn2.editmysite.com/js/site/main0ce5.js]
[cdn2.editmysite.com/js/old/slideshow-jq0ce5.js]
[cdn2.editmysite.com/js/lang/en/stl8596.js]
[neomilne.weebly.com/_/uploads/1/2/1/9/121957569/background-images/553945706.html]
[cdn2.editmysite.com/js/site/main-customer-accounts-site0ce5.js]
[cdn2.editmysite.com/css/sitesf032.css]
[cdn2.editmysite.com/css/old/slideshow/slideshowd9dc.css]
[cdn2.editmysite.com/js/site/mainf032.js]
[cdn2.editmysite.com/js/old/slideshow-jqf032.js]
[cdn2.editmysite.com/js/lang/en/stlcf4e.js]
[cdn2.editmysite.com/js/site/main-customer-accounts-sitef032.js]
[neomilne.weebly.com/store/checkout/index.html]
[neomilne.weebly.com/ecommerce.html]
[neomilne.weebly.com/store/account/index.html]
[neomilne.weebly.com/images/customer-accounts/arrow-left.html]
[neomilne.weebly.com/images/customer-accounts/check.html]
[neomilne.weebly.com/images/customer-accounts/close-icon.html]
[neomilne.weebly.com/dist/index.html]
[neomilne.weebly.com/ABCDEFGHIJKLMNOPQRSTUVWXYZabcdefghijklmnopqrstuvwxyz0123456789+/index.html]
[neomilne.weebly.com/payload.html]
[neomilne.weebly.com/POST.html]
